dekho zara lo lo

